[[1;34mINFO[m] Scanning for projects...
[[1;34mINFO[m] 
[[1;34mINFO[m] [1m---------------------------< [0;36mcom.uni:uni-ms[0;1m >---------------------------[m
[[1;34mINFO[m] [1mBuilding uni-ms 1.0.0[m
[[1;34mINFO[m] [1m--------------------------------[ jar ]---------------------------------[m
[[1;34mINFO[m] 
[[1;34mINFO[m] [1m--- [0;32mmaven-resources-plugin:3.3.1:resources[m [1m(default-resources)[m @ [36muni-ms[0;1m ---[m
[[1;34mINFO[m] Copying 1 resource from src/main/resources to target/classes
[[1;34mINFO[m] Copying 3 resources from src/main/resources to target/classes
[[1;34mINFO[m] 
[[1;34mINFO[m] [1m--- [0;32mmaven-compiler-plugin:3.13.0:compile[m [1m(default-compile)[m @ [36muni-ms[0;1m ---[m
[[1;34mINFO[m] Nothing to compile - all classes are up to date.
[[1;34mINFO[m] 
[[1;34mINFO[m] [1m--- [0;32mmaven-resources-plugin:3.3.1:testResources[m [1m(default-testResources)[m @ [36muni-ms[0;1m ---[m
[[1;34mINFO[m] Copying 1 resource from src/test/resources to target/test-classes
[[1;34mINFO[m] 
[[1;34mINFO[m] [1m--- [0;32mmaven-compiler-plugin:3.13.0:testCompile[m [1m(default-testCompile)[m @ [36muni-ms[0;1m ---[m
[[1;34mINFO[m] Nothing to compile - all classes are up to date.
[[1;34mINFO[m] 
[[1;34mINFO[m] [1m--- [0;32mmaven-surefire-plugin:3.2.5:test[m [1m(default-test)[m @ [36muni-ms[0;1m ---[m
[[1;34mINFO[m] Using auto detected provider org.apache.maven.surefire.junitplatform.JUnitPlatformProvider
[[1;34mINFO[m] 
[[1;34mINFO[m] -------------------------------------------------------
[[1;34mINFO[m]  T E S T S
[[1;34mINFO[m] -------------------------------------------------------
[[1;34mINFO[m] Running com.uni.ms.result.service.[1mResultServiceTest[m
WARNING: A Java agent has been loaded dynamically (/home/umar/.m2/repository/net/bytebuddy/byte-buddy-agent/1.14.19/byte-buddy-agent-1.14.19.jar)
WARNING: If a serviceability tool is in use, please run with -XX:+EnableDynamicAgentLoading to hide this warning
WARNING: If a serviceability tool is not in use, please run with -Djdk.instrument.traceUsage for more information
WARNING: Dynamic loading of agents will be disallowed by default in a future release
Java HotSpot(TM) 64-Bit Server VM warning: Sharing is only supported for boot loader classes because bootstrap classpath has been appended
[[1;34mINFO[m] [1;32mTests run: [0;1;32m10[m, Failures: 0, Errors: 0, Skipped: 0, Time elapsed: 5.585 s -- in com.uni.ms.result.service.[1mResultServiceTest[m
[[1;34mINFO[m] Running com.uni.ms.user.[1mUserEditIntegrationTest[m
21:16:25.241 [main] INFO org.springframework.test.context.support.AnnotationConfigContextLoaderUtils -- Could not detect default configuration classes for test class [com.uni.ms.user.UserEditIntegrationTest]: UserEditIntegrationTest does not declare any static, non-private, non-final, nested classes annotated with @Configuration.
21:16:25.827 [main] INFO org.springframework.boot.test.context.SpringBootTestContextBootstrapper -- Found @SpringBootConfiguration com.uni.ms.UniMsApplication for test class com.uni.ms.user.UserEditIntegrationTest

  .   ____          _            __ _ _
 /\\ / ___'_ __ _ _(_)_ __  __ _ \ \ \ \
( ( )\___ | '_ | '_| | '_ \/ _` | \ \ \ \
 \\/  ___)| |_)| | | | | || (_| |  ) ) ) )
  '  |____| .__|_| |_|_| |_\__, | / / / /
 =========|_|==============|___/=/_/_/_/

 :: Spring Boot ::                (v3.3.5)

2026-07-19T21:16:27.661+03:00  INFO 69728 --- [           main] c.uni.ms.user.UserEditIntegrationTest    : Starting UserEditIntegrationTest using Java 21.0.11 with PID 69728 (started by umar in /home/umar/projects/uni-ms/backend)
2026-07-19T21:16:27.673+03:00  INFO 69728 --- [           main] c.uni.ms.user.UserEditIntegrationTest    : No active profile set, falling back to 1 default profile: "default"
2026-07-19T21:16:31.117+03:00  INFO 69728 --- [           main] .s.d.r.c.RepositoryConfigurationDelegate : Bootstrapping Spring Data JPA repositories in DEFAULT mode.
2026-07-19T21:16:31.423+03:00  INFO 69728 --- [           main] .s.d.r.c.RepositoryConfigurationDelegate : Finished Spring Data repository scanning in 274 ms. Found 5 JPA repository interfaces.
2026-07-19T21:16:34.065+03:00  INFO 69728 --- [           main] o.hibernate.jpa.internal.util.LogHelper  : HHH000204: Processing PersistenceUnitInfo [name: default]
2026-07-19T21:16:34.280+03:00  INFO 69728 --- [           main] org.hibernate.Version                    : HHH000412: Hibernate ORM core version 6.5.3.Final
2026-07-19T21:16:34.404+03:00  INFO 69728 --- [           main] o.h.c.internal.RegionFactoryInitiator    : HHH000026: Second-level cache disabled
2026-07-19T21:16:34.835+03:00  INFO 69728 --- [           main] o.s.o.j.p.SpringPersistenceUnitInfo      : No LoadTimeWeaver setup: ignoring JPA class transformer
2026-07-19T21:16:34.937+03:00  INFO 69728 --- [           main] com.zaxxer.hikari.HikariDataSource       : HikariPool-1 - Starting...
2026-07-19T21:16:35.688+03:00  INFO 69728 --- [           main] com.zaxxer.hikari.pool.HikariPool        : HikariPool-1 - Added connection conn0: url=jdbc:h2:mem:testdb user=SA
2026-07-19T21:16:35.693+03:00  INFO 69728 --- [           main] com.zaxxer.hikari.HikariDataSource       : HikariPool-1 - Start completed.
2026-07-19T21:16:35.780+03:00  WARN 69728 --- [           main] org.hibernate.orm.deprecation            : HHH90000025: H2Dialect does not need to be specified explicitly using 'hibernate.dialect' (remove the property setting and it will be selected by default)
2026-07-19T21:16:38.850+03:00  INFO 69728 --- [           main] o.h.e.t.j.p.i.JtaPlatformInitiator       : HHH000489: No JTA platform available (set 'hibernate.transaction.jta.platform' to enable JTA platform integration)
2026-07-19T21:16:39.092+03:00  INFO 69728 --- [           main] j.LocalContainerEntityManagerFactoryBean : Initialized JPA EntityManagerFactory for persistence unit 'default'
2026-07-19T21:16:40.572+03:00  INFO 69728 --- [           main] r$InitializeUserDetailsManagerConfigurer : Global AuthenticationManager configured with UserDetailsService bean with name customUserDetailsService
2026-07-19T21:16:40.735+03:00  INFO 69728 --- [           main] o.s.d.j.r.query.QueryEnhancerFactory     : Hibernate is in classpath; If applicable, HQL parser will be used.
2026-07-19T21:16:42.690+03:00  WARN 69728 --- [           main] JpaBaseConfiguration$JpaWebConfiguration : spring.jpa.open-in-view is enabled by default. Therefore, database queries may be performed during view rendering. Explicitly configure spring.jpa.open-in-view to disable this warning
2026-07-19T21:16:45.824+03:00  INFO 69728 --- [           main] o.s.b.t.m.w.SpringBootMockServletContext : Initializing Spring TestDispatcherServlet ''
2026-07-19T21:16:45.826+03:00  INFO 69728 --- [           main] o.s.t.web.servlet.TestDispatcherServlet  : Initializing Servlet ''
2026-07-19T21:16:45.832+03:00  INFO 69728 --- [           main] o.s.t.web.servlet.TestDispatcherServlet  : Completed initialization in 6 ms
2026-07-19T21:16:45.932+03:00  INFO 69728 --- [           main] c.uni.ms.user.UserEditIntegrationTest    : Started UserEditIntegrationTest in 19.634 seconds (process running for 29.852)
[[1;34mINFO[m] [1;32mTests run: [0;1;32m2[m, Failures: 0, Errors: 0, Skipped: 0, Time elapsed: 26.07 s -- in com.uni.ms.user.[1mUserEditIntegrationTest[m
[[1;34mINFO[m] Running com.uni.ms.auth.[1mPasswordChangeIntegrationTest[m
2026-07-19T21:16:50.495+03:00  INFO 69728 --- [           main] t.c.s.AnnotationConfigContextLoaderUtils : Could not detect default configuration classes for test class [com.uni.ms.auth.PasswordChangeIntegrationTest]: PasswordChangeIntegrationTest does not declare any static, non-private, non-final, nested classes annotated with @Configuration.
2026-07-19T21:16:50.593+03:00  INFO 69728 --- [           main] .b.t.c.SpringBootTestContextBootstrapper : Found @SpringBootConfiguration com.uni.ms.UniMsApplication for test class com.uni.ms.auth.PasswordChangeIntegrationTest
[[1;34mINFO[m] [1;32mTests run: [0;1;32m3[m, Failures: 0, Errors: 0, Skipped: 0, Time elapsed: 1.787 s -- in com.uni.ms.auth.[1mPasswordChangeIntegrationTest[m
[[1;34mINFO[m] Running com.uni.ms.auth.[1mAuthFlowIntegrationTest[m
2026-07-19T21:16:52.285+03:00  INFO 69728 --- [           main] t.c.s.AnnotationConfigContextLoaderUtils : Could not detect default configuration classes for test class [com.uni.ms.auth.AuthFlowIntegrationTest]: AuthFlowIntegrationTest does not declare any static, non-private, non-final, nested classes annotated with @Configuration.
2026-07-19T21:16:52.292+03:00  INFO 69728 --- [           main] .b.t.c.SpringBootTestContextBootstrapper : Found @SpringBootConfiguration com.uni.ms.UniMsApplication for test class com.uni.ms.auth.AuthFlowIntegrationTest
[[1;34mINFO[m] [1;32mTests run: [0;1;32m6[m, Failures: 0, Errors: 0, Skipped: 0, Time elapsed: 2.296 s -- in com.uni.ms.auth.[1mAuthFlowIntegrationTest[m
[[1;34mINFO[m] Running com.uni.ms.student.controller.[1mStudentControllerTest[m
[[1;34mINFO[m] [1;32mTests run: [0;1;32m9[m, Failures: 0, Errors: 0, Skipped: 0, Time elapsed: 0.289 s -- in com.uni.ms.student.controller.[1mStudentControllerTest[m
[[1;34mINFO[m] Running com.uni.ms.student.service.[1mStudentServiceTest[m
[[1;34mINFO[m] [1;32mTests run: [0;1;32m16[m, Failures: 0, Errors: 0, Skipped: 0, Time elapsed: 0.884 s -- in com.uni.ms.student.service.[1mStudentServiceTest[m
[[1;34mINFO[m] Running com.uni.ms.common.security.[1mJwtServiceTest[m
[[1;34mINFO[m] [1;32mTests run: [0;1;32m3[m, Failures: 0, Errors: 0, Skipped: 0, Time elapsed: 0.028 s -- in com.uni.ms.common.security.[1mJwtServiceTest[m
[[1;34mINFO[m] 
[[1;34mINFO[m] Results:
[[1;34mINFO[m] 
[[1;34mINFO[m] [1;32mTests run: 49, Failures: 0, Errors: 0, Skipped: 0[m
[[1;34mINFO[m] 
[[1;34mINFO[m] [1m------------------------------------------------------------------------[m
[[1;34mINFO[m] [1;32mBUILD SUCCESS[m
[[1;34mINFO[m] [1m------------------------------------------------------------------------[m
[[1;34mINFO[m] Total time:  45.539 s
[[1;34mINFO[m] Finished at: 2026-07-19T21:16:56+03:00
[[1;34mINFO[m] [1m------------------------------------------------------------------------[m
